Sjasm Z80 Assembler v0.42c - www.xl2s.tk             [2026.02.21 - 17:22:20]

src\music.asm
Errors: 7

       1   00:0000                              output "music.bin"
       2   00:E000                      ;music.bin necestia 800 bytes para alojarse en la RAM, en basic tenemos hasta la direccion &hf380-800= eb00
       3   00:E000  FE                      db   #fe               ; ID archivo binario, siempre hay que poner el mismo 0FEh
       4   00:E001  00 E0                   dw   INICIO            ; dirección de inicio
       5   00:E003  1E E0                   dw   FINAL - 1         ; dirección final
       6   00:E005  00 E0                   dw   INICIO            ; dircción del programa de ejecución (para cuando pongas r en bload"nombre_programa", r)
       7   00:E007                      
       8   00:E007                          org #e000 ; org se utiliza para decirle al z80 en que posición de memoria empieza nuestro programa (es la 33280 en decimal), en hezadecimal sería #8200
       9   00:E000                          ; Las variables del pt3_player está definidas en el archivo PT3_player.asm en la dirección #f000
      10   00:E000                      INICIO:
      11   00:E000                      inicilizar_tracker:
      12   00:E000                          ;Deactivamos las interrupciones
      13   00:E000  F3                      di	
      14   00:E001  21 BB DF            	ld		hl,SONG-99		; hl vale la direccion donde se encuentra la cancion - 99
src\music.asm(15) : Label not found: PT3_INIT
      15   00:E004  CD 00 00            	call	PT3_INIT			; Inicia el reproductor de PT3
      16   00:E007                          ;Activamos las interrupciones
      17   00:E007  FB                  	ei 
      18   00:E008                          ;Volvemos al basic
      19   00:E008  C9                      ret
      20   00:E009                      
      21   00:E009                      reproducir_bloque_musica:
      22   00:E009                          ;------------------Reproducir Bloque de múscia--------
      23   00:E009  76                      halt						;sincronizacion
      24   00:E00A  F3                  	di
src\music.asm(25) : Label not found: PT3_ROUT
      25   00:E00B  CD 00 00            	call	PT3_ROUT			;Borrar el valor anterior
src\music.asm(26) : Label not found: PT3_PLAY
      26   00:E00E  CD 00 00            	call	PT3_PLAY			;Reproduce el siguiente trozo de canción
      27   00:E011  FB                      ei
      28   00:E012                          ;--------------Fin de reproducir bloque de música-----
      29   00:E012                          ;Volvemos al basic
      30   00:E012  C9                      ret
      31   00:E013                      para_cancion:
src\music.asm(32) : Label not found: PT3_MUTE
      32   00:E013  CD 00 00                call PT3_MUTE
      33   00:E016  C9                      ret
      34   00:E017                      evitar_repeticion_cancion:
      35   00:E017  3A F8 F7                ld a, (#f7f8)
src\music.asm(36) : Label not found: PT3_SETUP
      36   00:E01A  32 00 00                ld (PT3_SETUP),a
      37   00:E01D  C9                      ret
      38   00:E01E                      tracker:
src\music.asm(39) : Error opening file: src\.\src\PT3_player.asm
      39   00:E01E                      	include	"./src/PT3_player.asm"					;replayer de PT3
      40   00:E01E                      SONG:
src\music.asm(41) : Error opening file: src\.\src\song.pt3
      41   00:E01E  (0000)              	incbin "./src/song.pt3"			;musica de ejemplo
      42   00:E01E                      
      43   00:E01E  00                  contador: db 0
      44   00:E01F                      
      45   00:E01F                      FINAL:
      46   00:E01F                      
      47   00:E01F                      
      48   00:E01F                      
      49   00:E01F                      
      50   00:E01F                      
      51   00:E01F                      
      52   00:E01F                      
      53   00:E01F                      
      54   00:E01F                      
      55   00:E01F                      
      56   00:E01F                      

    LABELS
-------------------------------------------------
00:0000E000   INICIO
00:0000E000 X inicilizar_tracker
00:0000E009 X reproducir_bloque_musica
00:0000E013 X para_cancion
00:0000E017 X evitar_repeticion_cancion
00:0000E01E X tracker
00:0000E01E   SONG
00:0000E01E X contador
00:0000E01F   FINAL


 Output: src\music.out
-------------------------------------------------

 Page: 00
  Org: 0000E000  Size: *  Used: 00000000

    No output

 Output: music.bin
-------------------------------------------------

 Page: 00
  Org: 0000E000  Size: *  Used: 00000026

   Address   Length Align   Label
   0000E000      38         INICIO
