Sjasm Z80 Assembler v0.42c - www.xl2s.tk             [2026.02.23 - 11:09:08]

src\music.asm
Errors: 8

       1   00:0000                              output "music.bin" 
       2   00:9500                      ;music.bin necestia 800 bytes para alojarse en la RAM, en basic tenemos hasta la direccion &hf380-800= eb00
       3   00:9500  FE                      db   #fe               ; ID archivo binario, siempre hay que poner el mismo 0FEh
       4   00:9501  00 95                   dw   INICIO            ; dirección de inicio
       5   00:9503  1E 95                   dw   FINAL - 1         ; dirección final
       6   00:9505  00 95                   dw   INICIO            ; dircción del programa de ejecución (para cuando pongas r en bload"nombre_programa", r)
       7   00:9507                      
       8   00:9507                          org #9500 ; org se utiliza para decirle al z80 en que posición de memoria empieza nuestro programa (es la 33280 en decimal), en hezadecimal sería #8200
       9   00:9500                          ; Las variables del pt3_player está definidas en el archivo PT3_player.asm en la dirección #f000
src\music.asm(10) : Unrecognized instruction: 9500
      10   00:9500                      INICIO:9500
      11   00:9500                      inicilizar_tracker:
      12   00:9500                          ;Deactivamos las interrupciones
      13   00:9500  F3                      di	
      14   00:9501  21 BB 94            	ld		hl,SONG-99		; hl vale la direccion donde se encuentra la cancion - 99
src\music.asm(15) : Label not found: PT3_INIT
      15   00:9504  CD 00 00            	call	PT3_INIT			; Inicia el reproductor de PT3
      16   00:9507                          ;Activamos las interrupciones
      17   00:9507  FB                  	ei 
      18   00:9508                          ;Volvemos al basic
      19   00:9508  C9                      ret
      20   00:9509                      
      21   00:9509                      reproducir_bloque_musica:
      22   00:9509                          ;------------------Reproducir Bloque de múscia--------
      23   00:9509  76                      halt						;sincronizacion
      24   00:950A  F3                  	di
src\music.asm(25) : Label not found: PT3_ROUT
      25   00:950B  CD 00 00            	call	PT3_ROUT			;Borrar el valor anterior
src\music.asm(26) : Label not found: PT3_PLAY
      26   00:950E  CD 00 00            	call	PT3_PLAY			;Reproduce el siguiente trozo de canción
      27   00:9511  FB                      ei
      28   00:9512                          ;--------------Fin de reproducir bloque de música-----
      29   00:9512                          ;Volvemos al basic
      30   00:9512  C9                      ret
      31   00:9513                      para_cancion:
src\music.asm(32) : Label not found: PT3_MUTE
      32   00:9513  CD 00 00                call PT3_MUTE
      33   00:9516  C9                      ret
      34   00:9517                      evitar_repeticion_cancion:
      35   00:9517  3A F8 F7                ld a, (#f7f8)
src\music.asm(36) : Label not found: PT3_SETUP
      36   00:951A  32 00 00                ld (PT3_SETUP),a
      37   00:951D  C9                      ret
      38   00:951E                      tracker:
src\music.asm(39) : Error opening file: src\.\src\PT3_player.asm
      39   00:951E                      	include	"./src/PT3_player.asm"					;replayer de PT3
      40   00:951E                      SONG:
src\music.asm(41) : Error opening file: src\.\src\song.pt3
      41   00:951E  (0000)              	incbin "./src/song.pt3"			;musica de ejemplo
      42   00:951E                      
      43   00:951E  00                  contador: db 0
      44   00:951F                      
      45   00:951F                      FINAL:
      46   00:951F                      
      47   00:951F                      
      48   00:951F                      
      49   00:951F                      
      50   00:951F                      
      51   00:951F                      
      52   00:951F                      
      53   00:951F                      
      54   00:951F                      
      55   00:951F                      
      56   00:951F                      

    LABELS
-------------------------------------------------
00:00009500   INICIO
00:00009500 X inicilizar_tracker
00:00009509 X reproducir_bloque_musica
00:00009513 X para_cancion
00:00009517 X evitar_repeticion_cancion
00:0000951E X tracker
00:0000951E   SONG
00:0000951E X contador
00:0000951F   FINAL


 Output: src\music.out
-------------------------------------------------

 Page: 00
  Org: 00009500  Size: *  Used: 00000000

    No output

 Output: music.bin
-------------------------------------------------

 Page: 00
  Org: 00009500  Size: *  Used: 00000026

   Address   Length Align   Label
   00009500      38         INICIO
